------------------------------------------------------------
Timing Analyzer Summary
------------------------------------------------------------

Type  : Slow 1100mV 85C Model Setup 'u0|pll_0|altera_pll_i|general[0].gpll~PLL_OUTPUT_COUNTER|divclk'
Slack : 1.031
TNS   : 0.000

Type  : Slow 1100mV 85C Model Setup 'aesa_radar_hps:u0|aesa_radar_hps_hps_0:hps_0|aesa_radar_hps_hps_0_hps_io:hps_io|aesa_radar_hps_hps_0_hps_io_border:border|hps_sdram:hps_sdram_inst|hps_sdram_pll:pll|afi_clk_write_clk'
Slack : 1.730
TNS   : 0.000

Type  : Slow 1100mV 85C Model Setup 'CLOCK_50'
Slack : 3.818
TNS   : 0.000

Type  : Slow 1100mV 85C Model Hold 'aesa_radar_hps:u0|aesa_radar_hps_hps_0:hps_0|aesa_radar_hps_hps_0_hps_io:hps_io|aesa_radar_hps_hps_0_hps_io_border:border|hps_sdram:hps_sdram_inst|hps_sdram_pll:pll|afi_clk_write_clk'
Slack : 0.143
TNS   : 0.000

Type  : Slow 1100mV 85C Model Hold 'u0|pll_0|altera_pll_i|general[0].gpll~PLL_OUTPUT_COUNTER|divclk'
Slack : 0.294
TNS   : 0.000

Type  : Slow 1100mV 85C Model Hold 'CLOCK_50'
Slack : 0.298
TNS   : 0.000

Type  : Slow 1100mV 85C Model Recovery 'u0|pll_0|altera_pll_i|general[0].gpll~PLL_OUTPUT_COUNTER|divclk'
Slack : 1.694
TNS   : 0.000

Type  : Slow 1100mV 85C Model Recovery 'aesa_radar_hps:u0|aesa_radar_hps_hps_0:hps_0|aesa_radar_hps_hps_0_hps_io:hps_io|aesa_radar_hps_hps_0_hps_io_border:border|hps_sdram:hps_sdram_inst|hps_sdram_pll:pll|afi_clk_write_clk'
Slack : 3.375
TNS   : 0.000

Type  : Slow 1100mV 85C Model Recovery 'CLOCK_50'
Slack : 8.836
TNS   : 0.000

Type  : Slow 1100mV 85C Model Removal 'aesa_radar_hps:u0|aesa_radar_hps_hps_0:hps_0|aesa_radar_hps_hps_0_hps_io:hps_io|aesa_radar_hps_hps_0_hps_io_border:border|hps_sdram:hps_sdram_inst|hps_sdram_pll:pll|afi_clk_write_clk'
Slack : 0.470
TNS   : 0.000

Type  : Slow 1100mV 85C Model Removal 'CLOCK_50'
Slack : 0.971
TNS   : 0.000

Type  : Slow 1100mV 85C Model Removal 'u0|pll_0|altera_pll_i|general[0].gpll~PLL_OUTPUT_COUNTER|divclk'
Slack : 1.450
TNS   : 0.000

Type  : Slow 1100mV 85C Model Minimum Pulse Width 'aesa_radar_hps:u0|aesa_radar_hps_hps_0:hps_0|aesa_radar_hps_hps_0_hps_io:hps_io|aesa_radar_hps_hps_0_hps_io_border:border|hps_sdram:hps_sdram_inst|hps_sdram_pll:pll|pll_write_clk_dq_write_clk'
Slack : 0.608
TNS   : 0.000

Type  : Slow 1100mV 85C Model Minimum Pulse Width 'aesa_radar_hps:u0|aesa_radar_hps_hps_0:hps_0|aesa_radar_hps_hps_0_hps_io:hps_io|aesa_radar_hps_hps_0_hps_io_border:border|hps_sdram:hps_sdram_inst|hps_sdram_pll:pll|afi_clk_write_clk'
Slack : 0.623
TNS   : 0.000

Type  : Slow 1100mV 85C Model Minimum Pulse Width 'u0|pll_0|altera_pll_i|general[0].gpll~FRACTIONAL_PLL|vcoph[0]'
Slack : 1.666
TNS   : 0.000

Type  : Slow 1100mV 85C Model Minimum Pulse Width 'CLOCK_50'
Slack : 8.872
TNS   : 0.000

Type  : Slow 1100mV 85C Model Minimum Pulse Width 'u0|pll_0|altera_pll_i|general[0].gpll~PLL_OUTPUT_COUNTER|divclk'
Slack : 23.744
TNS   : 0.000

Type  : Slow 1100mV 0C Model Setup 'u0|pll_0|altera_pll_i|general[0].gpll~PLL_OUTPUT_COUNTER|divclk'
Slack : 1.453
TNS   : 0.000

Type  : Slow 1100mV 0C Model Setup 'aesa_radar_hps:u0|aesa_radar_hps_hps_0:hps_0|aesa_radar_hps_hps_0_hps_io:hps_io|aesa_radar_hps_hps_0_hps_io_border:border|hps_sdram:hps_sdram_inst|hps_sdram_pll:pll|afi_clk_write_clk'
Slack : 1.727
TNS   : 0.000

Type  : Slow 1100mV 0C Model Setup 'CLOCK_50'
Slack : 3.978
TNS   : 0.000

Type  : Slow 1100mV 0C Model Hold 'aesa_radar_hps:u0|aesa_radar_hps_hps_0:hps_0|aesa_radar_hps_hps_0_hps_io:hps_io|aesa_radar_hps_hps_0_hps_io_border:border|hps_sdram:hps_sdram_inst|hps_sdram_pll:pll|afi_clk_write_clk'
Slack : 0.162
TNS   : 0.000

Type  : Slow 1100mV 0C Model Hold 'CLOCK_50'
Slack : 0.271
TNS   : 0.000

Type  : Slow 1100mV 0C Model Hold 'u0|pll_0|altera_pll_i|general[0].gpll~PLL_OUTPUT_COUNTER|divclk'
Slack : 0.275
TNS   : 0.000

Type  : Slow 1100mV 0C Model Recovery 'u0|pll_0|altera_pll_i|general[0].gpll~PLL_OUTPUT_COUNTER|divclk'
Slack : 2.013
TNS   : 0.000

Type  : Slow 1100mV 0C Model Recovery 'aesa_radar_hps:u0|aesa_radar_hps_hps_0:hps_0|aesa_radar_hps_hps_0_hps_io:hps_io|aesa_radar_hps_hps_0_hps_io_border:border|hps_sdram:hps_sdram_inst|hps_sdram_pll:pll|afi_clk_write_clk'
Slack : 3.468
TNS   : 0.000

Type  : Slow 1100mV 0C Model Recovery 'CLOCK_50'
Slack : 9.148
TNS   : 0.000

Type  : Slow 1100mV 0C Model Removal 'aesa_radar_hps:u0|aesa_radar_hps_hps_0:hps_0|aesa_radar_hps_hps_0_hps_io:hps_io|aesa_radar_hps_hps_0_hps_io_border:border|hps_sdram:hps_sdram_inst|hps_sdram_pll:pll|afi_clk_write_clk'
Slack : 0.460
TNS   : 0.000

Type  : Slow 1100mV 0C Model Removal 'CLOCK_50'
Slack : 0.896
TNS   : 0.000

Type  : Slow 1100mV 0C Model Removal 'u0|pll_0|altera_pll_i|general[0].gpll~PLL_OUTPUT_COUNTER|divclk'
Slack : 1.361
TNS   : 0.000

Type  : Slow 1100mV 0C Model Minimum Pulse Width 'aesa_radar_hps:u0|aesa_radar_hps_hps_0:hps_0|aesa_radar_hps_hps_0_hps_io:hps_io|aesa_radar_hps_hps_0_hps_io_border:border|hps_sdram:hps_sdram_inst|hps_sdram_pll:pll|pll_write_clk_dq_write_clk'
Slack : 0.613
TNS   : 0.000

Type  : Slow 1100mV 0C Model Minimum Pulse Width 'aesa_radar_hps:u0|aesa_radar_hps_hps_0:hps_0|aesa_radar_hps_hps_0_hps_io:hps_io|aesa_radar_hps_hps_0_hps_io_border:border|hps_sdram:hps_sdram_inst|hps_sdram_pll:pll|afi_clk_write_clk'
Slack : 0.630
TNS   : 0.000

Type  : Slow 1100mV 0C Model Minimum Pulse Width 'u0|pll_0|altera_pll_i|general[0].gpll~FRACTIONAL_PLL|vcoph[0]'
Slack : 1.666
TNS   : 0.000

Type  : Slow 1100mV 0C Model Minimum Pulse Width 'CLOCK_50'
Slack : 8.907
TNS   : 0.000

Type  : Slow 1100mV 0C Model Minimum Pulse Width 'u0|pll_0|altera_pll_i|general[0].gpll~PLL_OUTPUT_COUNTER|divclk'
Slack : 23.722
TNS   : 0.000

Type  : Fast 1100mV 85C Model Setup 'aesa_radar_hps:u0|aesa_radar_hps_hps_0:hps_0|aesa_radar_hps_hps_0_hps_io:hps_io|aesa_radar_hps_hps_0_hps_io_border:border|hps_sdram:hps_sdram_inst|hps_sdram_pll:pll|afi_clk_write_clk'
Slack : 2.110
TNS   : 0.000

Type  : Fast 1100mV 85C Model Setup 'u0|pll_0|altera_pll_i|general[0].gpll~PLL_OUTPUT_COUNTER|divclk'
Slack : 3.776
TNS   : 0.000

Type  : Fast 1100mV 85C Model Setup 'CLOCK_50'
Slack : 6.214
TNS   : 0.000

Type  : Fast 1100mV 85C Model Hold 'aesa_radar_hps:u0|aesa_radar_hps_hps_0:hps_0|aesa_radar_hps_hps_0_hps_io:hps_io|aesa_radar_hps_hps_0_hps_io_border:border|hps_sdram:hps_sdram_inst|hps_sdram_pll:pll|afi_clk_write_clk'
Slack : 0.084
TNS   : 0.000

Type  : Fast 1100mV 85C Model Hold 'CLOCK_50'
Slack : 0.160
TNS   : 0.000

Type  : Fast 1100mV 85C Model Hold 'u0|pll_0|altera_pll_i|general[0].gpll~PLL_OUTPUT_COUNTER|divclk'
Slack : 0.168
TNS   : 0.000

Type  : Fast 1100mV 85C Model Recovery 'aesa_radar_hps:u0|aesa_radar_hps_hps_0:hps_0|aesa_radar_hps_hps_0_hps_io:hps_io|aesa_radar_hps_hps_0_hps_io_border:border|hps_sdram:hps_sdram_inst|hps_sdram_pll:pll|afi_clk_write_clk'
Slack : 3.727
TNS   : 0.000

Type  : Fast 1100mV 85C Model Recovery 'u0|pll_0|altera_pll_i|general[0].gpll~PLL_OUTPUT_COUNTER|divclk'
Slack : 4.516
TNS   : 0.000

Type  : Fast 1100mV 85C Model Recovery 'CLOCK_50'
Slack : 12.886
TNS   : 0.000

Type  : Fast 1100mV 85C Model Removal 'aesa_radar_hps:u0|aesa_radar_hps_hps_0:hps_0|aesa_radar_hps_hps_0_hps_io:hps_io|aesa_radar_hps_hps_0_hps_io_border:border|hps_sdram:hps_sdram_inst|hps_sdram_pll:pll|afi_clk_write_clk'
Slack : 0.497
TNS   : 0.000

Type  : Fast 1100mV 85C Model Removal 'CLOCK_50'
Slack : 0.557
TNS   : 0.000

Type  : Fast 1100mV 85C Model Removal 'u0|pll_0|altera_pll_i|general[0].gpll~PLL_OUTPUT_COUNTER|divclk'
Slack : 1.100
TNS   : 0.000

Type  : Fast 1100mV 85C Model Minimum Pulse Width 'aesa_radar_hps:u0|aesa_radar_hps_hps_0:hps_0|aesa_radar_hps_hps_0_hps_io:hps_io|aesa_radar_hps_hps_0_hps_io_border:border|hps_sdram:hps_sdram_inst|hps_sdram_pll:pll|pll_write_clk_dq_write_clk'
Slack : 0.883
TNS   : 0.000

Type  : Fast 1100mV 85C Model Minimum Pulse Width 'aesa_radar_hps:u0|aesa_radar_hps_hps_0:hps_0|aesa_radar_hps_hps_0_hps_io:hps_io|aesa_radar_hps_hps_0_hps_io_border:border|hps_sdram:hps_sdram_inst|hps_sdram_pll:pll|afi_clk_write_clk'
Slack : 0.891
TNS   : 0.000

Type  : Fast 1100mV 85C Model Minimum Pulse Width 'u0|pll_0|altera_pll_i|general[0].gpll~FRACTIONAL_PLL|vcoph[0]'
Slack : 1.666
TNS   : 0.000

Type  : Fast 1100mV 85C Model Minimum Pulse Width 'CLOCK_50'
Slack : 8.482
TNS   : 0.000

Type  : Fast 1100mV 85C Model Minimum Pulse Width 'u0|pll_0|altera_pll_i|general[0].gpll~PLL_OUTPUT_COUNTER|divclk'
Slack : 23.872
TNS   : 0.000

Type  : Fast 1100mV 0C Model Setup 'aesa_radar_hps:u0|aesa_radar_hps_hps_0:hps_0|aesa_radar_hps_hps_0_hps_io:hps_io|aesa_radar_hps_hps_0_hps_io_border:border|hps_sdram:hps_sdram_inst|hps_sdram_pll:pll|afi_clk_write_clk'
Slack : 2.110
TNS   : 0.000

Type  : Fast 1100mV 0C Model Setup 'u0|pll_0|altera_pll_i|general[0].gpll~PLL_OUTPUT_COUNTER|divclk'
Slack : 4.692
TNS   : 0.000

Type  : Fast 1100mV 0C Model Setup 'CLOCK_50'
Slack : 6.421
TNS   : 0.000

Type  : Fast 1100mV 0C Model Hold 'aesa_radar_hps:u0|aesa_radar_hps_hps_0:hps_0|aesa_radar_hps_hps_0_hps_io:hps_io|aesa_radar_hps_hps_0_hps_io_border:border|hps_sdram:hps_sdram_inst|hps_sdram_pll:pll|afi_clk_write_clk'
Slack : 0.077
TNS   : 0.000

Type  : Fast 1100mV 0C Model Hold 'u0|pll_0|altera_pll_i|general[0].gpll~PLL_OUTPUT_COUNTER|divclk'
Slack : 0.151
TNS   : 0.000

Type  : Fast 1100mV 0C Model Hold 'CLOCK_50'
Slack : 0.166
TNS   : 0.000

Type  : Fast 1100mV 0C Model Recovery 'aesa_radar_hps:u0|aesa_radar_hps_hps_0:hps_0|aesa_radar_hps_hps_0_hps_io:hps_io|aesa_radar_hps_hps_0_hps_io_border:border|hps_sdram:hps_sdram_inst|hps_sdram_pll:pll|afi_clk_write_clk'
Slack : 3.825
TNS   : 0.000

Type  : Fast 1100mV 0C Model Recovery 'u0|pll_0|altera_pll_i|general[0].gpll~PLL_OUTPUT_COUNTER|divclk'
Slack : 5.078
TNS   : 0.000

Type  : Fast 1100mV 0C Model Recovery 'CLOCK_50'
Slack : 13.472
TNS   : 0.000

Type  : Fast 1100mV 0C Model Removal 'aesa_radar_hps:u0|aesa_radar_hps_hps_0:hps_0|aesa_radar_hps_hps_0_hps_io:hps_io|aesa_radar_hps_hps_0_hps_io_border:border|hps_sdram:hps_sdram_inst|hps_sdram_pll:pll|afi_clk_write_clk'
Slack : 0.473
TNS   : 0.000

Type  : Fast 1100mV 0C Model Removal 'CLOCK_50'
Slack : 0.506
TNS   : 0.000

Type  : Fast 1100mV 0C Model Removal 'u0|pll_0|altera_pll_i|general[0].gpll~PLL_OUTPUT_COUNTER|divclk'
Slack : 0.857
TNS   : 0.000

Type  : Fast 1100mV 0C Model Minimum Pulse Width 'aesa_radar_hps:u0|aesa_radar_hps_hps_0:hps_0|aesa_radar_hps_hps_0_hps_io:hps_io|aesa_radar_hps_hps_0_hps_io_border:border|hps_sdram:hps_sdram_inst|hps_sdram_pll:pll|pll_write_clk_dq_write_clk'
Slack : 0.887
TNS   : 0.000

Type  : Fast 1100mV 0C Model Minimum Pulse Width 'aesa_radar_hps:u0|aesa_radar_hps_hps_0:hps_0|aesa_radar_hps_hps_0_hps_io:hps_io|aesa_radar_hps_hps_0_hps_io_border:border|hps_sdram:hps_sdram_inst|hps_sdram_pll:pll|afi_clk_write_clk'
Slack : 0.894
TNS   : 0.000

Type  : Fast 1100mV 0C Model Minimum Pulse Width 'u0|pll_0|altera_pll_i|general[0].gpll~FRACTIONAL_PLL|vcoph[0]'
Slack : 1.666
TNS   : 0.000

Type  : Fast 1100mV 0C Model Minimum Pulse Width 'CLOCK_50'
Slack : 8.436
TNS   : 0.000

Type  : Fast 1100mV 0C Model Minimum Pulse Width 'u0|pll_0|altera_pll_i|general[0].gpll~PLL_OUTPUT_COUNTER|divclk'
Slack : 23.876
TNS   : 0.000

------------------------------------------------------------
Info: see the "DDR report" for DDR timing results
------------------------------------------------------------
------------------------------------------------------------
